// Jest Snapshot v1, https://goo.gl/fbAQLP

exports[`should render Expense Summary component with empty expense list 1`] = `
<div>
  Viewing 
   
  expenses
   totalling 
  $0.00
</div>
`;

exports[`should render Expense Summary component with expenses 1`] = `
<div>
  Viewing 
   
  expenses
   totalling 
  $0.00
</div>
`;

exports[`should render Expense Summary component with one expens 1`] = `
<div>
  Viewing 
   
  expenses
   totalling 
  $0.00
</div>
`;
